INSTRUMENTATION_STATUS: numtests=1
INSTRUMENTATION_STATUS: stream=
io.github.mesteriis.rune.keyboard.qa.LiveFakeModelBinderInstrumentedTest:
INSTRUMENTATION_STATUS: id=AndroidJUnitRunner
INSTRUMENTATION_STATUS: test=releasedReplyWithinSpaceGraceCorrectsAndCanUndo
INSTRUMENTATION_STATUS: class=io.github.mesteriis.rune.keyboard.qa.LiveFakeModelBinderInstrumentedTest
INSTRUMENTATION_STATUS: current=1
INSTRUMENTATION_STATUS_CODE: 1
INSTRUMENTATION_STATUS: numtests=1
INSTRUMENTATION_STATUS: stream=
Error in releasedReplyWithinSpaceGraceCorrectsAndCanUndo(io.github.mesteriis.rune.keyboard.qa.LiveFakeModelBinderInstrumentedTest):
java.util.concurrent.TimeoutException: Expected event not received within: 5000 ms.
	at android.app.UiAutomation.executeAndWaitForEvent(UiAutomation.java:608)
	at io.github.mesteriis.rune.keyboard.qa.LiveFakeModelBinderFixture.spaceThenReleaseWithinGrace(LiveFakeModelBinderFixture.kt:282)
	at io.github.mesteriis.rune.keyboard.qa.LiveFakeModelBinderInstrumentedTest.releasedReplyWithinSpaceGraceCorrectsAndCanUndo(LiveFakeModelBinderInstrumentedTest.kt:80)

INSTRUMENTATION_STATUS: id=AndroidJUnitRunner
INSTRUMENTATION_STATUS: test=releasedReplyWithinSpaceGraceCorrectsAndCanUndo
INSTRUMENTATION_STATUS: class=io.github.mesteriis.rune.keyboard.qa.LiveFakeModelBinderInstrumentedTest
INSTRUMENTATION_STATUS: stack=java.util.concurrent.TimeoutException: Expected event not received within: 5000 ms.
	at android.app.UiAutomation.executeAndWaitForEvent(UiAutomation.java:608)
	at io.github.mesteriis.rune.keyboard.qa.LiveFakeModelBinderFixture.spaceThenReleaseWithinGrace(LiveFakeModelBinderFixture.kt:282)
	at io.github.mesteriis.rune.keyboard.qa.LiveFakeModelBinderInstrumentedTest.releasedReplyWithinSpaceGraceCorrectsAndCanUndo(LiveFakeModelBinderInstrumentedTest.kt:80)

INSTRUMENTATION_STATUS: current=1
INSTRUMENTATION_STATUS_CODE: -2
INSTRUMENTATION_RESULT: stream=

Time: 16.052
There was 1 failure:
1) releasedReplyWithinSpaceGraceCorrectsAndCanUndo(io.github.mesteriis.rune.keyboard.qa.LiveFakeModelBinderInstrumentedTest)
java.util.concurrent.TimeoutException: Expected event not received within: 5000 ms.
	at android.app.UiAutomation.executeAndWaitForEvent(UiAutomation.java:608)
	at io.github.mesteriis.rune.keyboard.qa.LiveFakeModelBinderFixture.spaceThenReleaseWithinGrace(LiveFakeModelBinderFixture.kt:282)
	at io.github.mesteriis.rune.keyboard.qa.LiveFakeModelBinderInstrumentedTest.releasedReplyWithinSpaceGraceCorrectsAndCanUndo(LiveFakeModelBinderInstrumentedTest.kt:80)

FAILURES!!!
Tests run: 1,  Failures: 1


INSTRUMENTATION_CODE: -1
