INSTRUMENTATION_STATUS: numtests=1
INSTRUMENTATION_STATUS: stream=
io.github.mesteriis.rune.keyboard.qa.LiveFakeModelBinderInstrumentedTest:
INSTRUMENTATION_STATUS: id=AndroidJUnitRunner
INSTRUMENTATION_STATUS: test=releasedReplyAfterEditorSwitchPreservesBothFields
INSTRUMENTATION_STATUS: class=io.github.mesteriis.rune.keyboard.qa.LiveFakeModelBinderInstrumentedTest
INSTRUMENTATION_STATUS: current=1
INSTRUMENTATION_STATUS_CODE: 1
INSTRUMENTATION_STATUS: numtests=1
INSTRUMENTATION_STATUS: stream=
Error in releasedReplyAfterEditorSwitchPreservesBothFields(io.github.mesteriis.rune.keyboard.qa.LiveFakeModelBinderInstrumentedTest):
java.util.concurrent.ExecutionException: java.lang.AssertionError: Released stale reply resurrected candidates expected: io.github.mesteriis.rune.keyboard.smarttyping.ui.SmartTypingViewState<SmartTypingViewState(enabled=true, candidateCount=1)> but was: io.github.mesteriis.rune.keyboard.smarttyping.ui.SmartTypingViewState<SmartTypingViewState(enabled=true, candidateCount=1)>
	at java.util.concurrent.FutureTask.report(FutureTask.java:123)
	at java.util.concurrent.FutureTask.get(FutureTask.java:207)
	at io.github.mesteriis.rune.keyboard.qa.LiveFakeModelBinderFixture$Companion.onMain(LiveFakeModelBinderFixture.kt:776)
	at io.github.mesteriis.rune.keyboard.qa.LiveFakeModelBinderFixture$Companion.access$onMain(LiveFakeModelBinderFixture.kt:743)
	at io.github.mesteriis.rune.keyboard.qa.LiveFakeModelBinderFixture.releaseInvalidatedReplyWithoutEditorOrStripChanges(LiveFakeModelBinderFixture.kt:299)
	at io.github.mesteriis.rune.keyboard.qa.LiveFakeModelBinderInstrumentedTest.releasedReplyAfterEditorSwitchPreservesBothFields(LiveFakeModelBinderInstrumentedTest.kt:112)
	... 34 trimmed
Caused by: java.lang.AssertionError: Released stale reply resurrected candidates expected: io.github.mesteriis.rune.keyboard.smarttyping.ui.SmartTypingViewState<SmartTypingViewState(enabled=true, candidateCount=1)> but was: io.github.mesteriis.rune.keyboard.smarttyping.ui.SmartTypingViewState<SmartTypingViewState(enabled=true, candidateCount=1)>
	at org.junit.Assert.fail(Assert.java:89)
	at org.junit.Assert.failNotEquals(Assert.java:835)
	at org.junit.Assert.assertEquals(Assert.java:120)
	at io.github.mesteriis.rune.keyboard.qa.LiveFakeModelBinderFixture.releaseInvalidatedReplyWithoutEditorOrStripChanges$lambda$43(LiveFakeModelBinderFixture.kt:300)
	at io.github.mesteriis.rune.keyboard.qa.LiveFakeModelBinderFixture$$ExternalSyntheticLambda37.invoke(D8$$SyntheticClass:0)
	at io.github.mesteriis.rune.keyboard.qa.LiveFakeModelBinderFixture$Companion.onMain$lambda$6(LiveFakeModelBinderFixture.kt:774)
	at io.github.mesteriis.rune.keyboard.qa.LiveFakeModelBinderFixture$Companion$$ExternalSyntheticLambda0.call(D8$$SyntheticClass:0)
	at java.util.concurrent.FutureTask.run(FutureTask.java:266)
	at java.util.concurrent.Executors$RunnableAdapter.call(Executors.java:457)
	at java.util.concurrent.FutureTask.run(FutureTask.java:266)
	at android.app.Instrumentation$SyncRunnable.run(Instrumentation.java:2092)
	at android.os.Handler.handleCallback(Handler.java:789)
	at android.os.Handler.dispatchMessage(Handler.java:98)
	at android.os.Looper.loop(Looper.java:164)
	at android.app.ActivityThread.main(ActivityThread.java:6541)
	at java.lang.reflect.Method.invoke(Native Method)
	at com.android.internal.os.Zygote$MethodAndArgsCaller.run(Zygote.java:240)
	at com.android.internal.os.ZygoteInit.main(ZygoteInit.java:767)

INSTRUMENTATION_STATUS: id=AndroidJUnitRunner
INSTRUMENTATION_STATUS: test=releasedReplyAfterEditorSwitchPreservesBothFields
INSTRUMENTATION_STATUS: class=io.github.mesteriis.rune.keyboard.qa.LiveFakeModelBinderInstrumentedTest
INSTRUMENTATION_STATUS: stack=java.util.concurrent.ExecutionException: java.lang.AssertionError: Released stale reply resurrected candidates expected: io.github.mesteriis.rune.keyboard.smarttyping.ui.SmartTypingViewState<SmartTypingViewState(enabled=true, candidateCount=1)> but was: io.github.mesteriis.rune.keyboard.smarttyping.ui.SmartTypingViewState<SmartTypingViewState(enabled=true, candidateCount=1)>
	at java.util.concurrent.FutureTask.report(FutureTask.java:123)
	at java.util.concurrent.FutureTask.get(FutureTask.java:207)
	at io.github.mesteriis.rune.keyboard.qa.LiveFakeModelBinderFixture$Companion.onMain(LiveFakeModelBinderFixture.kt:776)
	at io.github.mesteriis.rune.keyboard.qa.LiveFakeModelBinderFixture$Companion.access$onMain(LiveFakeModelBinderFixture.kt:743)
	at io.github.mesteriis.rune.keyboard.qa.LiveFakeModelBinderFixture.releaseInvalidatedReplyWithoutEditorOrStripChanges(LiveFakeModelBinderFixture.kt:299)
	at io.github.mesteriis.rune.keyboard.qa.LiveFakeModelBinderInstrumentedTest.releasedReplyAfterEditorSwitchPreservesBothFields(LiveFakeModelBinderInstrumentedTest.kt:112)
	... 34 trimmed
Caused by: java.lang.AssertionError: Released stale reply resurrected candidates expected: io.github.mesteriis.rune.keyboard.smarttyping.ui.SmartTypingViewState<SmartTypingViewState(enabled=true, candidateCount=1)> but was: io.github.mesteriis.rune.keyboard.smarttyping.ui.SmartTypingViewState<SmartTypingViewState(enabled=true, candidateCount=1)>
	at org.junit.Assert.fail(Assert.java:89)
	at org.junit.Assert.failNotEquals(Assert.java:835)
	at org.junit.Assert.assertEquals(Assert.java:120)
	at io.github.mesteriis.rune.keyboard.qa.LiveFakeModelBinderFixture.releaseInvalidatedReplyWithoutEditorOrStripChanges$lambda$43(LiveFakeModelBinderFixture.kt:300)
	at io.github.mesteriis.rune.keyboard.qa.LiveFakeModelBinderFixture$$ExternalSyntheticLambda37.invoke(D8$$SyntheticClass:0)
	at io.github.mesteriis.rune.keyboard.qa.LiveFakeModelBinderFixture$Companion.onMain$lambda$6(LiveFakeModelBinderFixture.kt:774)
	at io.github.mesteriis.rune.keyboard.qa.LiveFakeModelBinderFixture$Companion$$ExternalSyntheticLambda0.call(D8$$SyntheticClass:0)
	at java.util.concurrent.FutureTask.run(FutureTask.java:266)
	at java.util.concurrent.Executors$RunnableAdapter.call(Executors.java:457)
	at java.util.concurrent.FutureTask.run(FutureTask.java:266)
	at android.app.Instrumentation$SyncRunnable.run(Instrumentation.java:2092)
	at android.os.Handler.handleCallback(Handler.java:789)
	at android.os.Handler.dispatchMessage(Handler.java:98)
	at android.os.Looper.loop(Looper.java:164)
	at android.app.ActivityThread.main(ActivityThread.java:6541)
	at java.lang.reflect.Method.invoke(Native Method)
	at com.android.internal.os.Zygote$MethodAndArgsCaller.run(Zygote.java:240)
	at com.android.internal.os.ZygoteInit.main(ZygoteInit.java:767)

INSTRUMENTATION_STATUS: current=1
INSTRUMENTATION_STATUS_CODE: -2
INSTRUMENTATION_RESULT: stream=

Time: 21.952
There was 1 failure:
1) releasedReplyAfterEditorSwitchPreservesBothFields(io.github.mesteriis.rune.keyboard.qa.LiveFakeModelBinderInstrumentedTest)
java.util.concurrent.ExecutionException: java.lang.AssertionError: Released stale reply resurrected candidates expected: io.github.mesteriis.rune.keyboard.smarttyping.ui.SmartTypingViewState<SmartTypingViewState(enabled=true, candidateCount=1)> but was: io.github.mesteriis.rune.keyboard.smarttyping.ui.SmartTypingViewState<SmartTypingViewState(enabled=true, candidateCount=1)>
	at java.util.concurrent.FutureTask.report(FutureTask.java:123)
	at java.util.concurrent.FutureTask.get(FutureTask.java:207)
	at io.github.mesteriis.rune.keyboard.qa.LiveFakeModelBinderFixture$Companion.onMain(LiveFakeModelBinderFixture.kt:776)
	at io.github.mesteriis.rune.keyboard.qa.LiveFakeModelBinderFixture$Companion.access$onMain(LiveFakeModelBinderFixture.kt:743)
	at io.github.mesteriis.rune.keyboard.qa.LiveFakeModelBinderFixture.releaseInvalidatedReplyWithoutEditorOrStripChanges(LiveFakeModelBinderFixture.kt:299)
	at io.github.mesteriis.rune.keyboard.qa.LiveFakeModelBinderInstrumentedTest.releasedReplyAfterEditorSwitchPreservesBothFields(LiveFakeModelBinderInstrumentedTest.kt:112)
	... 34 trimmed
Caused by: java.lang.AssertionError: Released stale reply resurrected candidates expected: io.github.mesteriis.rune.keyboard.smarttyping.ui.SmartTypingViewState<SmartTypingViewState(enabled=true, candidateCount=1)> but was: io.github.mesteriis.rune.keyboard.smarttyping.ui.SmartTypingViewState<SmartTypingViewState(enabled=true, candidateCount=1)>
	at org.junit.Assert.fail(Assert.java:89)
	at org.junit.Assert.failNotEquals(Assert.java:835)
	at org.junit.Assert.assertEquals(Assert.java:120)
	at io.github.mesteriis.rune.keyboard.qa.LiveFakeModelBinderFixture.releaseInvalidatedReplyWithoutEditorOrStripChanges$lambda$43(LiveFakeModelBinderFixture.kt:300)
	at io.github.mesteriis.rune.keyboard.qa.LiveFakeModelBinderFixture$$ExternalSyntheticLambda37.invoke(D8$$SyntheticClass:0)
	at io.github.mesteriis.rune.keyboard.qa.LiveFakeModelBinderFixture$Companion.onMain$lambda$6(LiveFakeModelBinderFixture.kt:774)
	at io.github.mesteriis.rune.keyboard.qa.LiveFakeModelBinderFixture$Companion$$ExternalSyntheticLambda0.call(D8$$SyntheticClass:0)
	at java.util.concurrent.FutureTask.run(FutureTask.java:266)
	at java.util.concurrent.Executors$RunnableAdapter.call(Executors.java:457)
	at java.util.concurrent.FutureTask.run(FutureTask.java:266)
	at android.app.Instrumentation$SyncRunnable.run(Instrumentation.java:2092)
	at android.os.Handler.handleCallback(Handler.java:789)
	at android.os.Handler.dispatchMessage(Handler.java:98)
	at android.os.Looper.loop(Looper.java:164)
	at android.app.ActivityThread.main(ActivityThread.java:6541)
	at java.lang.reflect.Method.invoke(Native Method)
	at com.android.internal.os.Zygote$MethodAndArgsCaller.run(Zygote.java:240)
	at com.android.internal.os.ZygoteInit.main(ZygoteInit.java:767)

FAILURES!!!
Tests run: 1,  Failures: 1


INSTRUMENTATION_CODE: -1
