INSTRUMENTATION_STATUS: numtests=1
INSTRUMENTATION_STATUS: stream=
io.github.mesteriis.rune.keyboard.qa.LiveFakeModelBinderInstrumentedTest:
INSTRUMENTATION_STATUS: id=AndroidJUnitRunner
INSTRUMENTATION_STATUS: test=releasedReplyAfterEditorSwitchPreservesBothFields
INSTRUMENTATION_STATUS: class=io.github.mesteriis.rune.keyboard.qa.LiveFakeModelBinderInstrumentedTest
INSTRUMENTATION_STATUS: current=1
INSTRUMENTATION_STATUS_CODE: 1
INSTRUMENTATION_STATUS: numtests=1
INSTRUMENTATION_STATUS: stream=
Error in releasedReplyAfterEditorSwitchPreservesBothFields(io.github.mesteriis.rune.keyboard.qa.LiveFakeModelBinderInstrumentedTest):
java.lang.AssertionError: New real editor did not replace the old typing session
	at io.github.mesteriis.rune.keyboard.qa.LiveFakeModelBinderFixture$Companion.await(LiveFakeModelBinderFixture.kt:784)
	at io.github.mesteriis.rune.keyboard.qa.LiveFakeModelBinderFixture$Companion.access$await(LiveFakeModelBinderFixture.kt:743)
	at io.github.mesteriis.rune.keyboard.qa.LiveFakeModelBinderFixture.awaitDifferentEditorSession(LiveFakeModelBinderFixture.kt:273)
	at io.github.mesteriis.rune.keyboard.qa.LiveFakeModelBinderInstrumentedTest.releasedReplyAfterEditorSwitchPreservesBothFields(LiveFakeModelBinderInstrumentedTest.kt:107)

INSTRUMENTATION_STATUS: id=AndroidJUnitRunner
INSTRUMENTATION_STATUS: test=releasedReplyAfterEditorSwitchPreservesBothFields
INSTRUMENTATION_STATUS: class=io.github.mesteriis.rune.keyboard.qa.LiveFakeModelBinderInstrumentedTest
INSTRUMENTATION_STATUS: stack=java.lang.AssertionError: New real editor did not replace the old typing session
	at io.github.mesteriis.rune.keyboard.qa.LiveFakeModelBinderFixture$Companion.await(LiveFakeModelBinderFixture.kt:784)
	at io.github.mesteriis.rune.keyboard.qa.LiveFakeModelBinderFixture$Companion.access$await(LiveFakeModelBinderFixture.kt:743)
	at io.github.mesteriis.rune.keyboard.qa.LiveFakeModelBinderFixture.awaitDifferentEditorSession(LiveFakeModelBinderFixture.kt:273)
	at io.github.mesteriis.rune.keyboard.qa.LiveFakeModelBinderInstrumentedTest.releasedReplyAfterEditorSwitchPreservesBothFields(LiveFakeModelBinderInstrumentedTest.kt:107)

INSTRUMENTATION_STATUS: current=1
INSTRUMENTATION_STATUS_CODE: -2
INSTRUMENTATION_RESULT: stream=

Time: 23.327
There was 1 failure:
1) releasedReplyAfterEditorSwitchPreservesBothFields(io.github.mesteriis.rune.keyboard.qa.LiveFakeModelBinderInstrumentedTest)
java.lang.AssertionError: New real editor did not replace the old typing session
	at io.github.mesteriis.rune.keyboard.qa.LiveFakeModelBinderFixture$Companion.await(LiveFakeModelBinderFixture.kt:784)
	at io.github.mesteriis.rune.keyboard.qa.LiveFakeModelBinderFixture$Companion.access$await(LiveFakeModelBinderFixture.kt:743)
	at io.github.mesteriis.rune.keyboard.qa.LiveFakeModelBinderFixture.awaitDifferentEditorSession(LiveFakeModelBinderFixture.kt:273)
	at io.github.mesteriis.rune.keyboard.qa.LiveFakeModelBinderInstrumentedTest.releasedReplyAfterEditorSwitchPreservesBothFields(LiveFakeModelBinderInstrumentedTest.kt:107)

FAILURES!!!
Tests run: 1,  Failures: 1


INSTRUMENTATION_CODE: -1
