JUnit version 4.13.2
..E.E
Time: 0,01
There were 2 failures:
1) sameNormalizedAttachmentPreservesActiveReplyAndWatermark(io.github.mesteriis.rune.keyboard.intelligence.client.LatestReplyGuardTest)
java.lang.AssertionError
	at org.junit.Assert.fail(Assert.java:87)
	at org.junit.Assert.assertTrue(Assert.java:42)
	at org.junit.Assert.assertTrue(Assert.java:53)
	at io.github.mesteriis.rune.keyboard.intelligence.client.LatestReplyGuardTest.sameNormalizedAttachmentPreservesActiveReplyAndWatermark(LatestReplyGuardTest.kt:17)
2) demandOffOnAndNullDetachDoNotRecycleSameSessionRequestIds(io.github.mesteriis.rune.keyboard.intelligence.client.LatestReplyGuardTest)
java.lang.AssertionError
	at org.junit.Assert.fail(Assert.java:87)
	at org.junit.Assert.assertTrue(Assert.java:42)
	at org.junit.Assert.assertFalse(Assert.java:65)
	at org.junit.Assert.assertFalse(Assert.java:75)
	at io.github.mesteriis.rune.keyboard.intelligence.client.LatestReplyGuardTest.demandOffOnAndNullDetachDoNotRecycleSameSessionRequestIds(LatestReplyGuardTest.kt:32)

FAILURES!!!
Tests run: 3,  Failures: 2


EXIT_CODE=1
