INSTRUMENTATION_STATUS: class=io.github.mesteriis.rune.keyboard.intelligence.inference.RealModelServiceInstrumentedTest
INSTRUMENTATION_STATUS: current=1
INSTRUMENTATION_STATUS: numtests=1
INSTRUMENTATION_STATUS: test=exactInstalledModelPreparesAndScoresThroughPrivateBinder
INSTRUMENTATION_STATUS_CODE: 1
INSTRUMENTATION_STATUS: serviceFirstNativeMillis=228
INSTRUMENTATION_STATUS: serviceFirstWallMillis=746
INSTRUMENTATION_STATUS: serviceImmediateCode=3
INSTRUMENTATION_STATUS: serviceSuccessfulRequests=2
INSTRUMENTATION_STATUS: serviceWarmNativeMillis=194
INSTRUMENTATION_STATUS: serviceWarmWallMillis=211
INSTRUMENTATION_STATUS_CODE: 0
INSTRUMENTATION_STATUS: dutyCompleted=13
INSTRUMENTATION_STATUS: dutyCreditBoundCpuMillis=16000
INSTRUMENTATION_STATUS: dutyDenied=107
INSTRUMENTATION_STATUS: dutyElapsedMillis=60000
INSTRUMENTATION_STATUS: dutyProcessCpuMillis=7850
INSTRUMENTATION_STATUS_CODE: 0
INSTRUMENTATION_STATUS: beforeUnloadRssBytes=585707520
INSTRUMENTATION_STATUS: idleElapsedMillis=65005
INSTRUMENTATION_STATUS: idleProcessCpuMillis=70
INSTRUMENTATION_STATUS: loadedRssBytes=585707520
INSTRUMENTATION_STATUS: unloadedRssBytes=158789632
INSTRUMENTATION_STATUS_CODE: 0
INSTRUMENTATION_STATUS: class=io.github.mesteriis.rune.keyboard.intelligence.inference.RealModelServiceInstrumentedTest
INSTRUMENTATION_STATUS: current=1
INSTRUMENTATION_STATUS: numtests=1
INSTRUMENTATION_STATUS: test=exactInstalledModelPreparesAndScoresThroughPrivateBinder
INSTRUMENTATION_STATUS_CODE: 0
Time: 136,014
OK (1 test)
INSTRUMENTATION_CODE: -1
