INSTRUMENTATION_STATUS: class=io.github.mesteriis.rune.keyboard.qa.ImePrivacyInstrumentedTest
INSTRUMENTATION_STATUS: current=1
INSTRUMENTATION_STATUS: id=AndroidJUnitRunner
INSTRUMENTATION_STATUS: numtests=1
INSTRUMENTATION_STATUS: stream=
io.github.mesteriis.rune.keyboard.qa.ImePrivacyInstrumentedTest:
INSTRUMENTATION_STATUS: test=passwordFieldSuppressesPopupWithNormalFieldPositiveControl
INSTRUMENTATION_STATUS_CODE: 1
INSTRUMENTATION_STATUS: preview_first_visible_sample_ms=120
INSTRUMENTATION_STATUS: preview_max_changed_pixels=4633
INSTRUMENTATION_STATUS: preview_observed_ms=1005
INSTRUMENTATION_STATUS: preview_phase=0
INSTRUMENTATION_STATUS: preview_samples=15
INSTRUMENTATION_STATUS_CODE: 0
INSTRUMENTATION_STATUS: preview_first_visible_sample_ms=-1
INSTRUMENTATION_STATUS: preview_max_changed_pixels=0
INSTRUMENTATION_STATUS: preview_observed_ms=1007
INSTRUMENTATION_STATUS: preview_phase=1
INSTRUMENTATION_STATUS: preview_samples=16
INSTRUMENTATION_STATUS_CODE: 0
INSTRUMENTATION_STATUS: preview_first_visible_sample_ms=-1
INSTRUMENTATION_STATUS: preview_max_changed_pixels=0
INSTRUMENTATION_STATUS: preview_observed_ms=1006
INSTRUMENTATION_STATUS: preview_phase=2
INSTRUMENTATION_STATUS: preview_samples=15
INSTRUMENTATION_STATUS_CODE: 0
INSTRUMENTATION_STATUS: class=io.github.mesteriis.rune.keyboard.qa.ImePrivacyInstrumentedTest
INSTRUMENTATION_STATUS: current=1
INSTRUMENTATION_STATUS: id=AndroidJUnitRunner
INSTRUMENTATION_STATUS: numtests=1
INSTRUMENTATION_STATUS: stream=.
INSTRUMENTATION_STATUS: test=passwordFieldSuppressesPopupWithNormalFieldPositiveControl
INSTRUMENTATION_STATUS_CODE: 0
INSTRUMENTATION_RESULT: stream=

Time: 17.875

OK (1 test)


INSTRUMENTATION_CODE: -1
