Performing Streamed Install
Success
Performing Streamed Install
Success
INSTRUMENTATION_STATUS: numtests=1
INSTRUMENTATION_STATUS: stream=
io.github.mesteriis.rune.keyboard.smarttyping.lexicon.PackedLexiconAssetsInstrumentedTest:
INSTRUMENTATION_STATUS: id=AndroidJUnitRunner
INSTRUMENTATION_STATUS: test=packagedMappingsNoticesAndExactReferencesAreAvailableOffMainThread
INSTRUMENTATION_STATUS: class=io.github.mesteriis.rune.keyboard.smarttyping.lexicon.PackedLexiconAssetsInstrumentedTest
INSTRUMENTATION_STATUS: current=1
INSTRUMENTATION_STATUS_CODE: 1
INSTRUMENTATION_STATUS: packed_reader_contract=v1 language=0 open_ns=75208 load_ns=1010016917 cpu_ns=998720283 mapped_bytes=5388002 words=121255 nodes=272385 references=8 java_before=1000840 java_after=1253984 pss_kib_before=19054 pss_kib_after=24997
INSTRUMENTATION_STATUS_CODE: 0
INSTRUMENTATION_STATUS: packed_reader_contract=v1 language=1 open_ns=113375 load_ns=5877894711 cpu_ns=5845117035 mapped_bytes=25190742 words=668267 nodes=1250979 references=8 java_before=1253984 java_after=2166960 pss_kib_before=25001 pss_kib_after=48939
INSTRUMENTATION_STATUS_CODE: 0
INSTRUMENTATION_STATUS: packed_reader_contract=v1 language=2 open_ns=133166 load_ns=14492930507 cpu_ns=14456855355 mapped_bytes=46351852 words=1436553 nodes=2255866 references=8 java_before=2166960 java_after=1388752 pss_kib_before=48951 pss_kib_after=88222
INSTRUMENTATION_STATUS_CODE: 0
INSTRUMENTATION_STATUS: numtests=1
INSTRUMENTATION_STATUS: stream=.
INSTRUMENTATION_STATUS: id=AndroidJUnitRunner
INSTRUMENTATION_STATUS: test=packagedMappingsNoticesAndExactReferencesAreAvailableOffMainThread
INSTRUMENTATION_STATUS: class=io.github.mesteriis.rune.keyboard.smarttyping.lexicon.PackedLexiconAssetsInstrumentedTest
INSTRUMENTATION_STATUS: current=1
INSTRUMENTATION_STATUS_CODE: 0
INSTRUMENTATION_RESULT: stream=

Time: 21.463

OK (1 test)


INSTRUMENTATION_CODE: -1
