INSTRUMENTATION_STATUS: numtests=2
INSTRUMENTATION_STATUS: stream=
io.github.mesteriis.rune.keyboard.qa.LiveFakeModelBinderInstrumentedTest:
INSTRUMENTATION_STATUS: id=AndroidJUnitRunner
INSTRUMENTATION_STATUS: test=releasedReplyAfterSpaceGracePreservesOriginalAndStrip
INSTRUMENTATION_STATUS: class=io.github.mesteriis.rune.keyboard.qa.LiveFakeModelBinderInstrumentedTest
INSTRUMENTATION_STATUS: current=1
INSTRUMENTATION_STATUS_CODE: 1
INSTRUMENTATION_STATUS: numtests=2
INSTRUMENTATION_STATUS: stream=
Error in releasedReplyAfterSpaceGracePreservesOriginalAndStrip(io.github.mesteriis.rune.keyboard.qa.LiveFakeModelBinderInstrumentedTest):
java.lang.AssertionError: Unexpected editor command delta: compose expected:<0> but was:<1>
	at org.junit.Assert.fail(Assert.java:89)
	at org.junit.Assert.failNotEquals(Assert.java:835)
	at org.junit.Assert.assertEquals(Assert.java:120)
	at io.github.mesteriis.rune.keyboard.qa.LiveFakeModelBinderFixture.assertCommandDelta(LiveFakeModelBinderFixture.kt:468)
	at io.github.mesteriis.rune.keyboard.qa.LiveFakeModelBinderInstrumentedTest.releasedReplyAfterSpaceGracePreservesOriginalAndStrip(LiveFakeModelBinderInstrumentedTest.kt:84)

INSTRUMENTATION_STATUS: id=AndroidJUnitRunner
INSTRUMENTATION_STATUS: test=releasedReplyAfterSpaceGracePreservesOriginalAndStrip
INSTRUMENTATION_STATUS: class=io.github.mesteriis.rune.keyboard.qa.LiveFakeModelBinderInstrumentedTest
INSTRUMENTATION_STATUS: stack=java.lang.AssertionError: Unexpected editor command delta: compose expected:<0> but was:<1>
	at org.junit.Assert.fail(Assert.java:89)
	at org.junit.Assert.failNotEquals(Assert.java:835)
	at org.junit.Assert.assertEquals(Assert.java:120)
	at io.github.mesteriis.rune.keyboard.qa.LiveFakeModelBinderFixture.assertCommandDelta(LiveFakeModelBinderFixture.kt:468)
	at io.github.mesteriis.rune.keyboard.qa.LiveFakeModelBinderInstrumentedTest.releasedReplyAfterSpaceGracePreservesOriginalAndStrip(LiveFakeModelBinderInstrumentedTest.kt:84)

INSTRUMENTATION_STATUS: current=1
INSTRUMENTATION_STATUS_CODE: -2
INSTRUMENTATION_STATUS: numtests=2
INSTRUMENTATION_STATUS: stream=
INSTRUMENTATION_STATUS: id=AndroidJUnitRunner
INSTRUMENTATION_STATUS: test=releasedReplyAfterLanguageSwipePreservesTextAndStrip
INSTRUMENTATION_STATUS: class=io.github.mesteriis.rune.keyboard.qa.LiveFakeModelBinderInstrumentedTest
INSTRUMENTATION_STATUS: current=2
INSTRUMENTATION_STATUS_CODE: 1
INSTRUMENTATION_STATUS: numtests=2
INSTRUMENTATION_STATUS: stream=.
INSTRUMENTATION_STATUS: id=AndroidJUnitRunner
INSTRUMENTATION_STATUS: test=releasedReplyAfterLanguageSwipePreservesTextAndStrip
INSTRUMENTATION_STATUS: class=io.github.mesteriis.rune.keyboard.qa.LiveFakeModelBinderInstrumentedTest
INSTRUMENTATION_STATUS: current=2
INSTRUMENTATION_STATUS_CODE: 0
INSTRUMENTATION_RESULT: stream=

Time: 41.699
There was 1 failure:
1) releasedReplyAfterSpaceGracePreservesOriginalAndStrip(io.github.mesteriis.rune.keyboard.qa.LiveFakeModelBinderInstrumentedTest)
java.lang.AssertionError: Unexpected editor command delta: compose expected:<0> but was:<1>
	at org.junit.Assert.fail(Assert.java:89)
	at org.junit.Assert.failNotEquals(Assert.java:835)
	at org.junit.Assert.assertEquals(Assert.java:120)
	at io.github.mesteriis.rune.keyboard.qa.LiveFakeModelBinderFixture.assertCommandDelta(LiveFakeModelBinderFixture.kt:468)
	at io.github.mesteriis.rune.keyboard.qa.LiveFakeModelBinderInstrumentedTest.releasedReplyAfterSpaceGracePreservesOriginalAndStrip(LiveFakeModelBinderInstrumentedTest.kt:84)

FAILURES!!!
Tests run: 2,  Failures: 1


INSTRUMENTATION_CODE: -1
