INSTRUMENTATION_STATUS: class=io.github.mesteriis.rune.keyboard.qa.MechanicalPunctuationInstrumentedTest
INSTRUMENTATION_STATUS: current=1
INSTRUMENTATION_STATUS: id=AndroidJUnitRunner
INSTRUMENTATION_STATUS: numtests=3
INSTRUMENTATION_STATUS: stream=
io.github.mesteriis.rune.keyboard.qa.MechanicalPunctuationInstrumentedTest:
INSTRUMENTATION_STATUS: test=pairOfDotsWaitsForWhitespaceAndNewWordThenUndoesCapsTogether
INSTRUMENTATION_STATUS_CODE: 1
INSTRUMENTATION_STATUS: class=io.github.mesteriis.rune.keyboard.qa.MechanicalPunctuationInstrumentedTest
INSTRUMENTATION_STATUS: current=1
INSTRUMENTATION_STATUS: id=AndroidJUnitRunner
INSTRUMENTATION_STATUS: numtests=3
INSTRUMENTATION_STATUS: stream=.
INSTRUMENTATION_STATUS: test=pairOfDotsWaitsForWhitespaceAndNewWordThenUndoesCapsTogether
INSTRUMENTATION_STATUS_CODE: 0
INSTRUMENTATION_STATUS: class=io.github.mesteriis.rune.keyboard.qa.MechanicalPunctuationInstrumentedTest
INSTRUMENTATION_STATUS: current=2
INSTRUMENTATION_STATUS: id=AndroidJUnitRunner
INSTRUMENTATION_STATUS: numtests=3
INSTRUMENTATION_STATUS: stream=
INSTRUMENTATION_STATUS: test=cachedMechanicalToggleAffectsNextInputWithoutReplacingKeyboardOrReadingEditor
INSTRUMENTATION_STATUS_CODE: 1
INSTRUMENTATION_STATUS: class=io.github.mesteriis.rune.keyboard.qa.MechanicalPunctuationInstrumentedTest
INSTRUMENTATION_STATUS: current=2
INSTRUMENTATION_STATUS: id=AndroidJUnitRunner
INSTRUMENTATION_STATUS: numtests=3
INSTRUMENTATION_STATUS: stream=.
INSTRUMENTATION_STATUS: test=cachedMechanicalToggleAffectsNextInputWithoutReplacingKeyboardOrReadingEditor
INSTRUMENTATION_STATUS_CODE: 0
INSTRUMENTATION_STATUS: class=io.github.mesteriis.rune.keyboard.qa.MechanicalPunctuationInstrumentedTest
INSTRUMENTATION_STATUS: current=3
INSTRUMENTATION_STATUS: id=AndroidJUnitRunner
INSTRUMENTATION_STATUS: numtests=3
INSTRUMENTATION_STATUS: stream=
INSTRUMENTATION_STATUS: test=commaPopupPunctuationCapsAndImmediateUndoNeverReplayOldWord
INSTRUMENTATION_STATUS_CODE: 1
INSTRUMENTATION_STATUS: class=io.github.mesteriis.rune.keyboard.qa.MechanicalPunctuationInstrumentedTest
INSTRUMENTATION_STATUS: current=3
INSTRUMENTATION_STATUS: id=AndroidJUnitRunner
INSTRUMENTATION_STATUS: numtests=3
INSTRUMENTATION_STATUS: stack=java.lang.IllegalStateException: Expected alternate popup cell unavailable
	at io.github.mesteriis.rune.keyboard.qa.ImeTestDriver.selectAlternate(ImeTestDriver.kt:234)
	at io.github.mesteriis.rune.keyboard.qa.MechanicalPunctuationInstrumentedTest.commaPopupPunctuationCapsAndImmediateUndoNeverReplayOldWord(MechanicalPunctuationInstrumentedTest.kt:17)

INSTRUMENTATION_STATUS: stream=
Error in commaPopupPunctuationCapsAndImmediateUndoNeverReplayOldWord(io.github.mesteriis.rune.keyboard.qa.MechanicalPunctuationInstrumentedTest):
java.lang.IllegalStateException: Expected alternate popup cell unavailable
	at io.github.mesteriis.rune.keyboard.qa.ImeTestDriver.selectAlternate(ImeTestDriver.kt:234)
	at io.github.mesteriis.rune.keyboard.qa.MechanicalPunctuationInstrumentedTest.commaPopupPunctuationCapsAndImmediateUndoNeverReplayOldWord(MechanicalPunctuationInstrumentedTest.kt:17)

INSTRUMENTATION_STATUS: test=commaPopupPunctuationCapsAndImmediateUndoNeverReplayOldWord
INSTRUMENTATION_STATUS_CODE: -2
INSTRUMENTATION_RESULT: stream=

Time: 45.839
There was 1 failure:
1) commaPopupPunctuationCapsAndImmediateUndoNeverReplayOldWord(io.github.mesteriis.rune.keyboard.qa.MechanicalPunctuationInstrumentedTest)
java.lang.IllegalStateException: Expected alternate popup cell unavailable
	at io.github.mesteriis.rune.keyboard.qa.ImeTestDriver.selectAlternate(ImeTestDriver.kt:234)
	at io.github.mesteriis.rune.keyboard.qa.MechanicalPunctuationInstrumentedTest.commaPopupPunctuationCapsAndImmediateUndoNeverReplayOldWord(MechanicalPunctuationInstrumentedTest.kt:17)

FAILURES!!!
Tests run: 3,  Failures: 1


INSTRUMENTATION_CODE: -1
