INSTRUMENTATION_STATUS: numtests=6
INSTRUMENTATION_STATUS: stream=
io.github.mesteriis.rune.keyboard.qa.TypingDiagnosticsInstrumentedTest:
INSTRUMENTATION_STATUS: id=AndroidJUnitRunner
INSTRUMENTATION_STATUS: test=recreationDuringSecondConfirmationLeavesTextOff
INSTRUMENTATION_STATUS: class=io.github.mesteriis.rune.keyboard.qa.TypingDiagnosticsInstrumentedTest
INSTRUMENTATION_STATUS: current=1
INSTRUMENTATION_STATUS_CODE: 1
INSTRUMENTATION_STATUS: numtests=6
INSTRUMENTATION_STATUS: stream=
Error in recreationDuringSecondConfirmationLeavesTextOff(io.github.mesteriis.rune.keyboard.qa.TypingDiagnosticsInstrumentedTest):
androidx.test.uiautomator.UiObjectNotFoundException: UiSelector[RESOURCE_ID=io.github.mesteriis.rune.keyboard:id/settings_scroll]
	at androidx.test.uiautomator.UiScrollable.scrollBackward(UiScrollable.java:419)
	at androidx.test.uiautomator.UiScrollable.scrollToBeginning(UiScrollable.java:464)
	at androidx.test.uiautomator.UiScrollable.scrollToBeginning(UiScrollable.java:481)
	at androidx.test.uiautomator.UiScrollable.scrollIntoView(UiScrollable.java:248)
	at io.github.mesteriis.rune.keyboard.qa.TypingDiagnosticsInstrumentedTest.row(TypingDiagnosticsInstrumentedTest.kt:166)
	at io.github.mesteriis.rune.keyboard.qa.TypingDiagnosticsInstrumentedTest.recreationDuringSecondConfirmationLeavesTextOff(TypingDiagnosticsInstrumentedTest.kt:84)

INSTRUMENTATION_STATUS: id=AndroidJUnitRunner
INSTRUMENTATION_STATUS: test=recreationDuringSecondConfirmationLeavesTextOff
INSTRUMENTATION_STATUS: class=io.github.mesteriis.rune.keyboard.qa.TypingDiagnosticsInstrumentedTest
INSTRUMENTATION_STATUS: stack=androidx.test.uiautomator.UiObjectNotFoundException: UiSelector[RESOURCE_ID=io.github.mesteriis.rune.keyboard:id/settings_scroll]
	at androidx.test.uiautomator.UiScrollable.scrollBackward(UiScrollable.java:419)
	at androidx.test.uiautomator.UiScrollable.scrollToBeginning(UiScrollable.java:464)
	at androidx.test.uiautomator.UiScrollable.scrollToBeginning(UiScrollable.java:481)
	at androidx.test.uiautomator.UiScrollable.scrollIntoView(UiScrollable.java:248)
	at io.github.mesteriis.rune.keyboard.qa.TypingDiagnosticsInstrumentedTest.row(TypingDiagnosticsInstrumentedTest.kt:166)
	at io.github.mesteriis.rune.keyboard.qa.TypingDiagnosticsInstrumentedTest.recreationDuringSecondConfirmationLeavesTextOff(TypingDiagnosticsInstrumentedTest.kt:84)

INSTRUMENTATION_STATUS: current=1
INSTRUMENTATION_STATUS_CODE: -2
INSTRUMENTATION_STATUS: numtests=6
INSTRUMENTATION_STATUS: stream=
INSTRUMENTATION_STATUS: id=AndroidJUnitRunner
INSTRUMENTATION_STATUS: test=consentStartsWithFreshRuneInputAndDisableStopsTextOnly
INSTRUMENTATION_STATUS: class=io.github.mesteriis.rune.keyboard.qa.TypingDiagnosticsInstrumentedTest
INSTRUMENTATION_STATUS: current=2
INSTRUMENTATION_STATUS_CODE: 1
INSTRUMENTATION_STATUS: numtests=6
INSTRUMENTATION_STATUS: stream=.
INSTRUMENTATION_STATUS: id=AndroidJUnitRunner
INSTRUMENTATION_STATUS: test=consentStartsWithFreshRuneInputAndDisableStopsTextOnly
INSTRUMENTATION_STATUS: class=io.github.mesteriis.rune.keyboard.qa.TypingDiagnosticsInstrumentedTest
INSTRUMENTATION_STATUS: current=2
INSTRUMENTATION_STATUS_CODE: 0
INSTRUMENTATION_STATUS: numtests=6
INSTRUMENTATION_STATUS: stream=
INSTRUMENTATION_STATUS: id=AndroidJUnitRunner
INSTRUMENTATION_STATUS: test=managementDeleteDisablesBothAndRemovesManagedLogs
INSTRUMENTATION_STATUS: class=io.github.mesteriis.rune.keyboard.qa.TypingDiagnosticsInstrumentedTest
INSTRUMENTATION_STATUS: current=3
INSTRUMENTATION_STATUS_CODE: 1
INSTRUMENTATION_STATUS: numtests=6
INSTRUMENTATION_STATUS: stream=.
INSTRUMENTATION_STATUS: id=AndroidJUnitRunner
INSTRUMENTATION_STATUS: test=managementDeleteDisablesBothAndRemovesManagedLogs
INSTRUMENTATION_STATUS: class=io.github.mesteriis.rune.keyboard.qa.TypingDiagnosticsInstrumentedTest
INSTRUMENTATION_STATUS: current=3
INSTRUMENTATION_STATUS_CODE: 0
INSTRUMENTATION_STATUS: numtests=6
INSTRUMENTATION_STATUS: stream=
INSTRUMENTATION_STATUS: id=AndroidJUnitRunner
INSTRUMENTATION_STATUS: test=actualCandidateDecisionUndoAndSensitiveExclusionsReachSeparateStreams
INSTRUMENTATION_STATUS: class=io.github.mesteriis.rune.keyboard.qa.TypingDiagnosticsInstrumentedTest
INSTRUMENTATION_STATUS: current=4
INSTRUMENTATION_STATUS_CODE: 1
INSTRUMENTATION_STATUS: numtests=6
INSTRUMENTATION_STATUS: stream=.
INSTRUMENTATION_STATUS: id=AndroidJUnitRunner
INSTRUMENTATION_STATUS: test=actualCandidateDecisionUndoAndSensitiveExclusionsReachSeparateStreams
INSTRUMENTATION_STATUS: class=io.github.mesteriis.rune.keyboard.qa.TypingDiagnosticsInstrumentedTest
INSTRUMENTATION_STATUS: current=4
INSTRUMENTATION_STATUS_CODE: 0
INSTRUMENTATION_STATUS: numtests=6
INSTRUMENTATION_STATUS: stream=
INSTRUMENTATION_STATUS: id=AndroidJUnitRunner
INSTRUMENTATION_STATUS: test=twoConfirmationsCancelIndependentlyAndSwitchesRemainIndependent
INSTRUMENTATION_STATUS: class=io.github.mesteriis.rune.keyboard.qa.TypingDiagnosticsInstrumentedTest
INSTRUMENTATION_STATUS: current=5
INSTRUMENTATION_STATUS_CODE: 1
INSTRUMENTATION_STATUS: numtests=6
INSTRUMENTATION_STATUS: stream=.
INSTRUMENTATION_STATUS: id=AndroidJUnitRunner
INSTRUMENTATION_STATUS: test=twoConfirmationsCancelIndependentlyAndSwitchesRemainIndependent
INSTRUMENTATION_STATUS: class=io.github.mesteriis.rune.keyboard.qa.TypingDiagnosticsInstrumentedTest
INSTRUMENTATION_STATUS: current=5
INSTRUMENTATION_STATUS_CODE: 0
INSTRUMENTATION_STATUS: numtests=6
INSTRUMENTATION_STATUS: stream=
io.github.mesteriis.rune.keyboard.qa.MechanicalProtectedFormsInstrumentedTest:
INSTRUMENTATION_STATUS: id=AndroidJUnitRunner
INSTRUMENTATION_STATUS: test=urlEmailAndTimeKeepPunctuationAndOrdinaryDeleteAcrossBinder
INSTRUMENTATION_STATUS: class=io.github.mesteriis.rune.keyboard.qa.MechanicalProtectedFormsInstrumentedTest
INSTRUMENTATION_STATUS: current=6
INSTRUMENTATION_STATUS_CODE: 1
INSTRUMENTATION_STATUS: numtests=6
INSTRUMENTATION_STATUS: stream=.
INSTRUMENTATION_STATUS: id=AndroidJUnitRunner
INSTRUMENTATION_STATUS: test=urlEmailAndTimeKeepPunctuationAndOrdinaryDeleteAcrossBinder
INSTRUMENTATION_STATUS: class=io.github.mesteriis.rune.keyboard.qa.MechanicalProtectedFormsInstrumentedTest
INSTRUMENTATION_STATUS: current=6
INSTRUMENTATION_STATUS_CODE: 0
INSTRUMENTATION_RESULT: stream=

Time: 269.36
There was 1 failure:
1) recreationDuringSecondConfirmationLeavesTextOff(io.github.mesteriis.rune.keyboard.qa.TypingDiagnosticsInstrumentedTest)
androidx.test.uiautomator.UiObjectNotFoundException: UiSelector[RESOURCE_ID=io.github.mesteriis.rune.keyboard:id/settings_scroll]
	at androidx.test.uiautomator.UiScrollable.scrollBackward(UiScrollable.java:419)
	at androidx.test.uiautomator.UiScrollable.scrollToBeginning(UiScrollable.java:464)
	at androidx.test.uiautomator.UiScrollable.scrollToBeginning(UiScrollable.java:481)
	at androidx.test.uiautomator.UiScrollable.scrollIntoView(UiScrollable.java:248)
	at io.github.mesteriis.rune.keyboard.qa.TypingDiagnosticsInstrumentedTest.row(TypingDiagnosticsInstrumentedTest.kt:166)
	at io.github.mesteriis.rune.keyboard.qa.TypingDiagnosticsInstrumentedTest.recreationDuringSecondConfirmationLeavesTextOff(TypingDiagnosticsInstrumentedTest.kt:84)

FAILURES!!!
Tests run: 6,  Failures: 1


INSTRUMENTATION_CODE: -1
